// Vitest Snapshot v1, https://vitest.dev/guide/snapshot.html

exports[`RiskAnalysis > matches snapshot with high-risk project data 1`] = `
<div>
  <div
    class="risk-analysis"
  >
    <div
      class="card-header"
    >
      <h2
        class="card-title"
      >
        风险分析与预警
      </h2>
      <div
        class="card-subtitle"
      >
        基于项目数据的 AI 风险评估
      </div>
    </div>
    <div
      class="risk-content"
    >
      <div
        class="risk-list-container"
      >
        <h3
          class="section-title"
        >
          已识别风险
        </h3>
        <div
          class="risk-list"
        >
          <div
            class="risk-item"
          >
            <div
              class="risk-header"
            >
              <div
                class="risk-title"
              >
                高任务延迟率
              </div>
              <div
                class="risk-severity"
              >
                <span
                  class="severity-badge"
                  style="background-color: #f44336;"
                >
                  高
                </span>
              </div>
            </div>
            <div
              class="risk-metrics"
            >
              <div
                class="risk-metric"
              >
                <div
                  class="metric-label"
                >
                  可能性
                </div>
                <div
                  class="metric-value"
                >
                  <span
                    class="probability-value"
                  >
                    50
                    %
                  </span>
                  <div
                    class="probability-bar"
                  >
                    <div
                      class="probability-fill"
                      style="width: 50%; background-color: #ff9800;"
                    />
                  </div>
                </div>
              </div>
              <div
                class="risk-metric"
              >
                <div
                  class="metric-label"
                >
                  影响
                </div>
                <div
                  class="metric-value"
                >
                  <span
                    class="impact-description"
                  >
                    项目进度受阻，可能导致延期交付
                  </span>
                </div>
              </div>
            </div>
            <div
              class="risk-recommendation"
            >
              <strong>
                建议:
              </strong>
               需要立即采取行动
            </div>
          </div>
          <div
            class="risk-item"
          >
            <div
              class="risk-header"
            >
              <div
                class="risk-title"
              >
                PR 合并率低
              </div>
              <div
                class="risk-severity"
              >
                <span
                  class="severity-badge"
                  style="background-color: #f44336;"
                >
                  高
                </span>
              </div>
            </div>
            <div
              class="risk-metrics"
            >
              <div
                class="risk-metric"
              >
                <div
                  class="metric-label"
                >
                  可能性
                </div>
                <div
                  class="metric-value"
                >
                  <span
                    class="probability-value"
                  >
                    76
                    %
                  </span>
                  <div
                    class="probability-bar"
                  >
                    <div
                      class="probability-fill"
                      style="width: 76%; background-color: #f44336;"
                    />
                  </div>
                </div>
              </div>
              <div
                class="risk-metric"
              >
                <div
                  class="metric-label"
                >
                  影响
                </div>
                <div
                  class="metric-value"
                >
                  <span
                    class="impact-description"
                  >
                    代码集成缓慢，可能产生技术债务
                  </span>
                </div>
              </div>
            </div>
            <div
              class="risk-recommendation"
            >
              <strong>
                建议:
              </strong>
               需要立即采取行动
            </div>
          </div>
          <div
            class="risk-item"
          >
            <div
              class="risk-header"
            >
              <div
                class="risk-title"
              >
                高指摘频率
              </div>
              <div
                class="risk-severity"
              >
                <span
                  class="severity-badge"
                  style="background-color: #f44336;"
                >
                  高
                </span>
              </div>
            </div>
            <div
              class="risk-metrics"
            >
              <div
                class="risk-metric"
              >
                <div
                  class="metric-label"
                >
                  可能性
                </div>
                <div
                  class="metric-value"
                >
                  <span
                    class="probability-value"
                  >
                    80
                    %
                  </span>
                  <div
                    class="probability-bar"
                  >
                    <div
                      class="probability-fill"
                      style="width: 80%; background-color: #f44336;"
                    />
                  </div>
                </div>
              </div>
              <div
                class="risk-metric"
              >
                <div
                  class="metric-label"
                >
                  影响
                </div>
                <div
                  class="metric-value"
                >
                  <span
                    class="impact-description"
                  >
                    代码审查过程冗长，影响开发效率
                  </span>
                </div>
              </div>
            </div>
            <div
              class="risk-recommendation"
            >
              <strong>
                建议:
              </strong>
               需要立即采取行动
            </div>
          </div>
          <div
            class="risk-item"
          >
            <div
              class="risk-header"
            >
              <div
                class="risk-title"
              >
                代码质量偏低
              </div>
              <div
                class="risk-severity"
              >
                <span
                  class="severity-badge"
                  style="background-color: #ff9800;"
                >
                  中
                </span>
              </div>
            </div>
            <div
              class="risk-metrics"
            >
              <div
                class="risk-metric"
              >
                <div
                  class="metric-label"
                >
                  可能性
                </div>
                <div
                  class="metric-value"
                >
                  <span
                    class="probability-value"
                  >
                    55
                    %
                  </span>
                  <div
                    class="probability-bar"
                  >
                    <div
                      class="probability-fill"
                      style="width: 55%; background-color: #ff9800;"
                    />
                  </div>
                </div>
              </div>
              <div
                class="risk-metric"
              >
                <div
                  class="metric-label"
                >
                  影响
                </div>
                <div
                  class="metric-value"
                >
                  <span
                    class="impact-description"
                  >
                    软件稳定性风险增加，维护成本上升
                  </span>
                </div>
              </div>
            </div>
            <div
              class="risk-recommendation"
            >
              <strong>
                建议:
              </strong>
               低优先级 - 定期监控
            </div>
          </div>
          <div
            class="risk-item"
          >
            <div
              class="risk-header"
            >
              <div
                class="risk-title"
              >
                资源过饱和
              </div>
              <div
                class="risk-severity"
              >
                <span
                  class="severity-badge"
                  style="background-color: #ff9800;"
                >
                  中
                </span>
              </div>
            </div>
            <div
              class="risk-metrics"
            >
              <div
                class="risk-metric"
              >
                <div
                  class="metric-label"
                >
                  可能性
                </div>
                <div
                  class="metric-value"
                >
                  <span
                    class="probability-value"
                  >
                    15
                    %
                  </span>
                  <div
                    class="probability-bar"
                  >
                    <div
                      class="probability-fill"
                      style="width: 15%; background-color: #4caf50;"
                    />
                  </div>
                </div>
              </div>
              <div
                class="risk-metric"
              >
                <div
                  class="metric-label"
                >
                  影响
                </div>
                <div
                  class="metric-value"
                >
                  <span
                    class="impact-description"
                  >
                    团队负荷过高，可能导致疲劳和错误
                  </span>
                </div>
              </div>
            </div>
            <div
              class="risk-recommendation"
            >
              <strong>
                建议:
              </strong>
               低优先级 - 定期监控
            </div>
          </div>
          <div
            class="risk-item"
          >
            <div
              class="risk-header"
            >
              <div
                class="risk-title"
              >
                项目周期过长
              </div>
              <div
                class="risk-severity"
              >
                <span
                  class="severity-badge"
                  style="background-color: #ff9800;"
                >
                  中
                </span>
              </div>
            </div>
            <div
              class="risk-metrics"
            >
              <div
                class="risk-metric"
              >
                <div
                  class="metric-label"
                >
                  可能性
                </div>
                <div
                  class="metric-value"
                >
                  <span
                    class="probability-value"
                  >
                    3.5
                    %
                  </span>
                  <div
                    class="probability-bar"
                  >
                    <div
                      class="probability-fill"
                      style="width: 3.5%; background-color: #4caf50;"
                    />
                  </div>
                </div>
              </div>
              <div
                class="risk-metric"
              >
                <div
                  class="metric-label"
                >
                  影响
                </div>
                <div
                  class="metric-value"
                >
                  <span
                    class="impact-description"
                  >
                    项目动力下降，技术栈可能过时
                  </span>
                </div>
              </div>
            </div>
            <div
              class="risk-recommendation"
            >
              <strong>
                建议:
              </strong>
               低优先级 - 定期监控
            </div>
          </div>
        </div>
      </div>
    </div>
  </div>
</div>
`;
